
> board@0.1.0 build
> next build

 ⚠ Warning: Next.js inferred your workspace root, but it may not be correct.
 We detected multiple lockfiles and selected the directory of /home/dsantamaria/yarn.lock as the root directory.
 To silence this warning, set `turbopack.root` in your Next.js config, or consider removing one of the lockfiles if it's not needed.
   See https://nextjs.org/docs/app/api-reference/config/next-config-js/turbopack#root-directory for more information.
 Detected additional lockfiles: 
   * /home/dsantamaria/documents/board/package-lock.json
   * /home/dsantamaria/documents/pnpm-lock.yaml

   ▲ Next.js 16.0.1 (Turbopack)
   - Environments: .env.local, .env.production, .env

   Creating an optimized production build ...
 ✓ Compiled successfully in 3.1s
   Running TypeScript ...
   Collecting page data ...
   Generating static pages (0/11) ...
   Generating static pages (2/11) 
   Generating static pages (5/11) 
   Generating static pages (8/11) 
hello world
 ✓ Generating static pages (11/11) in 812.3ms
   Finalizing page optimization ...

Route (app)
┌ ○ /
├ ○ /_not-found
├ ƒ /api/auth/[...nextauth]
├ ƒ /api/auth/signup
├ ƒ /api/features
├ ƒ /api/features/[id]/implement
├ ƒ /api/features/[id]/vote
├ ƒ /api/features/create
├ ƒ /api/implement
├ ƒ /api/webhook/github
├ ○ /login
└ ○ /signup


○  (Static)   prerendered as static content
ƒ  (Dynamic)  server-rendered on demand

